================================================================================
SCRAPER TEST SUITE
================================================================================
Testing Craigslist scraper...
  'New Jersey' -> 'newjersey'
  'newjersey' -> 'newjersey'
  '90210' -> 'losangeles'
  'Los Angeles' -> 'losangeles'

python : Traceback (most 
recent call last):
At line:1 char:1
+ python test_scraper.py 
> test_output.txt 2>&1
+ ~~~~~~~~~~~~~~~~~~~~~~~~
~~~~~~~~~~~~~~~~~~~~~
    + CategoryInfo        
      : NotSpecified: (T  
  raceback (most recent   
  call last)::String)     
[], RemoteException
    + FullyQualifiedError 
   Id : NativeCommandErr  
  or
 
Searching for Toyota Camry in New Jersey...

Error during testing: CraigslistScraper.search() got an unexpected keyword argument 'make'

================================================================================
Testing complete!
  File "C:\Users\mtint\Des
ktop\Ibuycars\test_scraper
.py", line 67, in <module>
    test_craigslist()
  File "C:\Users\mtint\Des
ktop\Ibuycars\test_scraper
.py", line 21, in 
test_craigslist
    results = 
scraper.search(
              
^^^^^^^^^^^^^^^
TypeError: CraigslistScrap
er.search() got an 
unexpected keyword 
argument 'make'
